FLOOR 3  seed /home/user/h2sep-checklist/platform/data/floor3-staged.json
live collection: 293 docs
crew collection: 296 docs (read only, never written)
staged build   : 70 docs

backup: /home/user/h2sep-checklist/tools/out/backups/platform-before-floor3-rollout-2026-09-02T13-17-32-716Z.json (293 docs)

CREATE  0 new doc(s)
   

UPDATE  70 existing doc(s)
   301: structure and text refreshed, no field-state change
   302: structure and text refreshed, no field-state change
   303: structure and text refreshed, no field-state change
   304: structure and text refreshed, no field-state change
   305: structure and text refreshed, no field-state change
   306: structure and text refreshed, no field-state change
   307: structure and text refreshed, no field-state change
   308: structure and text refreshed, no field-state change
   309: structure and text refreshed, no field-state change
   310: structure and text refreshed, no field-state change
   311: structure and text refreshed, no field-state change
   312: structure and text refreshed, no field-state change
   313: structure and text refreshed, no field-state change
   314: structure and text refreshed, no field-state change
   315: structure and text refreshed, no field-state change
   316: structure and text refreshed, no field-state change
   317: structure and text refreshed, no field-state change
   318: structure and text refreshed, no field-state change
   322: structure and text refreshed, no field-state change
   323: structure and text refreshed, no field-state change
   324: structure and text refreshed, no field-state change
   325: structure and text refreshed, no field-state change
   326: structure and text refreshed, no field-state change
   327: structure and text refreshed, no field-state change
   328: structure and text refreshed, no field-state change
   329: structure and text refreshed, no field-state change
   330: structure and text refreshed, no field-state change
   331: structure and text refreshed, no field-state change
   332: structure and text refreshed, no field-state change
   333: structure and text refreshed, no field-state change
   334: structure and text refreshed, no field-state change
   336: structure and text refreshed, no field-state change
   338: structure and text refreshed, no field-state change
   301-MEP: structure and text refreshed, no field-state change
   302-MEP: structure and text refreshed, no field-state change
   303-MEP: structure and text refreshed, no field-state change
   304-MEP: structure and text refreshed, no field-state change
   305-MEP: structure and text refreshed, no field-state change
   306-MEP: structure and text refreshed, no field-state change
   307-MEP: structure and text refreshed, no field-state change
   308-MEP: structure and text refreshed, no field-state change
   309-MEP: structure and text refreshed, no field-state change
   310-MEP: structure and text refreshed, no field-state change
   311-MEP: structure and text refreshed, no field-state change
   312-MEP: structure and text refreshed, no field-state change
   313-MEP: structure and text refreshed, no field-state change
   314-MEP: structure and text refreshed, no field-state change
   315-MEP: structure and text refreshed, no field-state change
   316-MEP: structure and text refreshed, no field-state change
   317-MEP: structure and text refreshed, no field-state change
   318-MEP: structure and text refreshed, no field-state change
   322-MEP: structure and text refreshed, no field-state change
   323-MEP: structure and text refreshed, no field-state change
   324-MEP: structure and text refreshed, no field-state change
   325-MEP: structure and text refreshed, no field-state change
   326-MEP: structure and text refreshed, no field-state change
   327-MEP: structure and text refreshed, no field-state change
   328-MEP: structure and text refreshed, no field-state change
   329-MEP: structure and text refreshed, no field-state change
   330-MEP: structure and text refreshed, no field-state change
   331-MEP: structure and text refreshed, no field-state change
   332-MEP: structure and text refreshed, no field-state change
   333-MEP: structure and text refreshed, no field-state change
   334-MEP: structure and text refreshed, no field-state change
   336-MEP: structure and text refreshed, no field-state change
   338-MEP: structure and text refreshed, no field-state change
   S321: structure and text refreshed, no field-state change
   S321-M: structure and text refreshed, no field-state change
   S337: structure and text refreshed, no field-state change
   S339: structure and text refreshed, no field-state change

UNTOUCHED  223 live doc(s) outside this floor's build (left exactly as they are)
   101, 103, 104, 105, 106, 107, 108, 109, 110, 111, 112, 113, 114, 115, 116, 118, 201, 202, 203, 204, 205, 206, 207, 208, 209, 210, 211, 212, 213, 214, 215, 216, 217, 218, 222, 223, 224, 225, 226, 227, 228, 229, 230, 231, 232, 233, 234, 236, 238, 401, 402, 403, 404, 405, 406, 407, 408, 409, 410, 411, 412, 413, 414, 415, 416, 417, 418, 422, 423, 424, 425, 426, 427, 428, 429, 430, 431, 432, 433, 434, 436, 438, 101-MEP, 103-MEP, 104-MEP, 105-MEP, 106-MEP, 107-MEP, 108-MEP, 109-MEP, 110-MEP, 111-MEP, 112-MEP, 113-MEP, 114-MEP, 115-MEP, 116-MEP, 118-MEP, 201-MEP, 202-MEP, 203-MEP, 204-MEP, 205-MEP, 206-MEP, 207-MEP, 208-MEP, 209-MEP, 210-MEP, 211-MEP, 212-MEP, 213-MEP, 214-MEP, 215-MEP, 216-MEP, 217-MEP, 218-MEP, 222-MEP, 223-MEP, 224-MEP, 225-MEP, 226-MEP, 227-MEP, 228-MEP, 229-MEP, 230-MEP, 231-MEP, 232-MEP, 233-MEP, 234-MEP, 236-MEP, 238-MEP, 401-MEP, 402-MEP, 403-MEP, 404-MEP, 405-MEP, 406-MEP, 407-MEP, 408-MEP, 409-MEP, 410-MEP, 411-MEP, 412-MEP, 413-MEP, 414-MEP, 415-MEP, 416-MEP, 417-MEP, 418-MEP, 422-MEP, 423-MEP, 424-MEP, 425-MEP, 426-MEP, 427-MEP, 428-MEP, 429-MEP, 430-MEP, 431-MEP, 432-MEP, 433-MEP, 434-MEP, 436-MEP, 438-MEP, S001, S003, S003-M, S004, S004-M, S005, S005-M, S006, S007, S007-M, S008, S009, S009-M, S010, S011, S013, S014, S014-M, S015, S015-M, S016, S016-M, S017, S018, S019, S019-M, S020, S020-M, S021, S022, S023, S023-M, S024, S024-M, S027, S027-M, S030, S031, S031-M, S032, S121, S121-M, S137, S137-M, S139, S139-M, S221, S221-M, S237, S239, S421, S421-M, S437, S439, SZONEA, SZONEB, SZONEB-M, _asg, _dir

ZERO-LOSS CHECK, over the docs that already exist live
  checks  live 412  ->  after rollout 412  OK
  notes   live 464  ->  after rollout 464  OK
  open issues  live 701  ->  after rollout 701  (a resolved issue is never reopened: 0 resolution(s) protected)

AFTER ROLLOUT floor 3 would hold 70 docs, 412 check-offs, 701 open issues, 464 notes.
The platform collection would hold 293 docs.

crew collection: 296 docs re-read, every updateTime identical before and after - UNTOUCHED

DONE, every floor-3 document verified in the cloud, every other document unmoved
