(node:4088) ExperimentalWarning: SQLite is an experimental feature and might change at any time
(Use `node --trace-warnings ...` to show where the warning was created)
seed:     /home/user/h2sep-checklist/platform/data/floor4-staged.json
rooms:    401, 402, 403, 404, 405, 406, 407, 408, 409, 410, 411, 412, 413, 414, 415, 416, 417, 418, 422, 423, 424, 425, 426, 427, 428, 429, 430, 431, 432, 433, 434, 436, 438  ->  docs 401 401-MEP 402 402-MEP 403 403-MEP 404 404-MEP 405 405-MEP 406 406-MEP 407 407-MEP 408 408-MEP 409 409-MEP 410 410-MEP 411 411-MEP 412 412-MEP 413 413-MEP 414 414-MEP 415 415-MEP 416 416-MEP 417 417-MEP 418 418-MEP 422 422-MEP 423 423-MEP 424 424-MEP 425 425-MEP 426 426-MEP 427 427-MEP 428 428-MEP 429 429-MEP 430 430-MEP 431 431-MEP 432 432-MEP 433 433-MEP 434 434-MEP 436 436-MEP 438 438-MEP S421 S421-M S437 S439
snapshot: 69 live crew doc(s) -> /home/user/h2sep-checklist/tools/out/backups/crew-floor4-snapshot.json
(gitignored: it carries crew names and account ids)

  1 staged doc(s) have no crew counterpart, nothing to carry: S421-M

CARRIED
  401        15 line(s) with state, 0 note(s)
  402        15 line(s) with state, 0 note(s)
  403        15 line(s) with state, 0 note(s)
  404        13 line(s) with state, 0 note(s)
  405        15 line(s) with state, 0 note(s)
  406        13 line(s) with state, 0 note(s)
  407        15 line(s) with state, 0 note(s)
  408        13 line(s) with state, 0 note(s)
  409        15 line(s) with state, 0 note(s)
  410        13 line(s) with state, 0 note(s)
  411        15 line(s) with state, 0 note(s)
  412        13 line(s) with state, 0 note(s)
  413        15 line(s) with state, 0 note(s)
  414        13 line(s) with state, 0 note(s)
  415        15 line(s) with state, 0 note(s)
  416        13 line(s) with state, 0 note(s)
  417         7 line(s) with state, 0 note(s)
  418        13 line(s) with state, 0 note(s)
  422        13 line(s) with state, 0 note(s)
  423        12 line(s) with state, 0 note(s)
  424        13 line(s) with state, 0 note(s)
  425        13 line(s) with state, 0 note(s)
  426        13 line(s) with state, 0 note(s)
  427        13 line(s) with state, 0 note(s)
  428        40 line(s) with state, 0 note(s)
  429        13 line(s) with state, 0 note(s)
  430        15 line(s) with state, 0 note(s)
  431        13 line(s) with state, 0 note(s)
  432        15 line(s) with state, 0 note(s)
  433        13 line(s) with state, 0 note(s)
  434        15 line(s) with state, 0 note(s)
  436        15 line(s) with state, 0 note(s)
  438        13 line(s) with state, 1 note(s)
  S439        1 line(s) with state, 0 note(s)

  476 line(s) with field state, 1 note(s), 1 carried across a ruled retag
  50 personal name/uid field(s) dropped on the way in
  1348 line(s) kept the mock-up's package text over the crew build's older text (field state only travels)

LINES REBUILT SO THE CREW'S WORK HAS SOMEWHERE TO LAND (ruling D24: nothing is deleted):
  402/gr905_a  GR-905  [FF&E - Misc]  FLAGGED
      rebuilt from data/project.sqlite room 402's own row(s), not from the crew document
      sort 21000 in the crew app -> 22000 here (its own band, after the D28 Door Hardware lines)
      carried: checked=false  openIssue=true "MISSING"

STATE WITH NO LINE TO LAND ON - carried nowhere, dropped nowhere, listed here:
  S439/t01_a  T-01  [Flooring]
      "Floor tile. Floor transitions tagged T / CONC. and T / CPT at this alcove"
      checked=true (AJ)  openIssue=false
  S439/x_44252d877d  <untagged>  [Ceiling]
      "ACT grid ceiling, 8'-2""
      checked=false  openIssue=true "REMOVE"
  S439/wc10_a  WC-10  [Wall Covering]
      "Wallcovering"
      checked=true (AJ)  openIssue=false

RECONCILIATION  (live lines only; a tombstone is history, not a second check)
  1 line(s) rebuilt above so the work lands on a line instead of being named and lost
  checks  crew  25  =  build  23 + 2 with no line   EXACT
  issues  crew 456  =  build 455 + 1 with no line   EXACT
  notes   crew   1  =  build   1 present with text intact   EXACT

FIRESTORE DOC RULES  PASS - doc id <= 8 chars, number == docId, items <= 200, whitelisted keys only, no PII

CREW COLLECTION  UNTOUCHED - 69 doc(s) re-read, updateTime identical before and after

wrote /home/user/h2sep-checklist/platform/data/floor4-staged.json
Firestore not touched. The crew collection was read, never written. Nothing pushed, nothing deployed.
