
STRUCTURE AND FIRESTORE RULES
----------------------------------------------------------------------
  PASS  every doc uses only rule-whitelisted top-level keys
  PASS  number === docId on every doc
  PASS  doc id is a string of 8 chars or fewer
  PASS  floor is 2 on every doc
  PASS  items is a map of 200 or fewer
  PASS  notes is a map when present
  PASS  type and typeLabel within rule length limits

COVERAGE
----------------------------------------------------------------------
  PASS  all 33 floor-2 guest rooms present
  PASS  every guest room has an MEP companion
  PASS  no doc that is not a floor-2 room or a floor-2 space
  PASS  the three floor-2 spaces with gated lines are present (S221, S221-M, S237, S239)
  PASS  no MEP doc is an orphan (parent exists)
  PASS  no doc is empty of live lines
  PASS  room type slug and label match the database display label

LINE-LEVEL INVARIANTS
----------------------------------------------------------------------
  PASS  item keys match ^[a-z0-9_]{1,40}$
  PASS  every live line has a non-empty label
  PASS  every live line has a citation (src)
  PASS  every built guest-room line carries a SOURCE sentence (space lines carry the database text verbatim, as on floor 1)
  PASS  reliability is one of HIGH / MEDIUM / LOW / FLAGGED
  PASS  qty is a positive integer when present
  PASS  category is present on every live line
  PASS  sort is a number on every line and unique within a doc
  PASS  check-off groups are complete, never half-written
  PASS  a duplicate tag in one doc is always a declared conflict or a field-authored crew line
  PASS  no line says it was born clean while carrying a check
  PASS  no floor-1 head total or first-floor sheet is CITED on a floor-2 line (quoted as removed is fine)
  PASS  A100 (the FIRST floor plan) is cited only where the line says it is a printed table
  PASS  the ruled lines D27 (hot/cold) and D28 (closer, lock) are on every guest room
  PASS  D29 bed skirt (bsq_a) on 238 and on no other room

RULING D22 ON FLOOR 2, THE WORKING WALL
----------------------------------------------------------------------
  PASS  GR-305 on the eight plain Queen-Queen keys (D22) plus 201, 230, 232 (D33)
  PASS  GR-308 on exactly the two connecting keys (215, 236)
  PASS  GR-309 on 238 only (D33)
  PASS  GR-304 on the 17 King Studios, GR-315 on 202, GR-316 on 217
  PASS  no room carries two working-wall tags live
  PASS  the corrected line cites its ruling, the 2nd Floor tab, and the open handedness, FLAGGED where B4.5 names it, and keeps B4.5
  PASS  no build-authored note from an earlier run survives a rebuild (only crew notes travel)
  PASS  the D33 rooms record the ruling in n_d22 with Austin's words

THE MOCK-UPS ARE REPRODUCED
----------------------------------------------------------------------
  PASS  the four mock-up rooms (D30) re-build to the same shape and text, plus the carried crew state

SAME-TYPE ROOMS AGAINST THEIR FLOOR-1 DONORS
----------------------------------------------------------------------
  PASS  a same-type room has the same live FF&E keys, tags, counts and sorts as its donor (D22 retag aside)
  PASS  a same-type room has the same MEP line keys as its donor (no stray own line for a placed row)
  PASS  the sprinkler line on a room with head rows counts those rows (3), with no wrong-count sentence
  PASS  the PTAC line on a King Studio carries the mark and the unit row, not a duplicate line

THE CREW'S WORK
----------------------------------------------------------------------
  PASS  the crew's 579 check-offs are all present in the build
  PASS  the crew's 696 open issues are all present in the build
  PASS  every checked line carries initials
  PASS  the crew's 28 notes came across
  PASS  the retagged working wall kept the crew's check on every D22 and D33 key
  PASS  no personal names or account ids in the committed seed
  PASS  meta records an exact carry reconciliation

DETERMINISM AND THE GENERATOR
----------------------------------------------------------------------
  PASS  a rebuild preserves the crew's work and the space docs
  PASS  generator selftest passes
  PASS  the spaces path is reproducible and leaves the rooms alone
  PASS  the floor-1 seed, the approved slice and the mock-ups were never written to

======================================================================
53 passed, 0 failed
