
FLOOR-2 COMMON AREAS  (Austin ruling D18 - PLAN numbering from the architectural set)
====================================================================================================
spaces on floor 2 in data/project.sqlite: 9  (verified against the DB, not the brief)
doc id scheme: "S<space_no minus punctuation>", MEP companion "-M" - 18 ids, longest "S200-M" (6 chars, limit 8)
fold key proved: 0 documented "N of M" multipliers across 7 gated tag groups, all equal to their folded row count

PER-SPACE LINE COUNTS
----------------------------------------------------------------------------------------------------
  no     name                              raw   FF&E    MEP  qty?  gated-out   doc id
  200    Stair 1                              0      0      0     0          0   S200     <- NO PACKAGE
  219    Electrical                           3      0      0     0          3   S219     <- NO PACKAGE
  220    Storage                              3      0      0     0          3   S220     <- NO PACKAGE
  221    Guest Corridor                      14      2      3     1          9   S221   
  235    House Keeping                        2      0      0     0          2   S235     <- NO PACKAGE
  237    Elevator Lobby                      13      1      0     1         12   S237     <- thin
  239    Ice Machine                          4      1      0     0          3   S239     <- thin
  240    Elev.                                0      0      0     0          0   S240     <- NO PACKAGE
  241    Stair 2                              0      0      0     0          0   S241     <- NO PACKAGE
----------------------------------------------------------------------------------------------------
  TOTAL  9 spaces                           39     10      3     2         32

SPACES WITH NO PACKAGE UNDER THE APPROVED GATE - NO DOC WRITTEN (6)
----------------------------------------------------------------------------------------------------
  200    Stair 1                       0 documented row(s), all gated out: none - the space has no rows at all
  219    Electrical                    3 documented row(s), all gated out: Doors x1, Drywall x1, Flooring x1
  220    Storage                       3 documented row(s), all gated out: Doors x1, Drywall x1, Flooring x1
  235    House Keeping                 2 documented row(s), all gated out: Flooring x2
  240    Elev.                         0 documented row(s), all gated out: none - the space has no rows at all
  241    Stair 2                       0 documented row(s), all gated out: none - the space has no rows at all

THIN PACKAGES - BUILT, BUT 1-2 LINES ONLY (2)
----------------------------------------------------------------------------------------------------
  237    Elevator Lobby                1 FF&E + 0 MEP
  239    Ice Machine                   1 FF&E + 0 MEP

LINES EMITTED WITH NO QUANTITY - no sheet in the set states a count (2)
----------------------------------------------------------------------------------------------------
  221    Guest Corridor              PA-204 [FF&E - Lighting]
  237    Elevator Lobby              PA-501 [FF&E - Casegoods]
  (qty is OMITTED from these lines, not defaulted to 1. The reason is written into instanceNote.)

ROWS THE APPROVED CATEGORY GATE KEEPS OUT OF BOTH DOCS (32 of 39)
----------------------------------------------------------------------------------------------------
    12  Flooring
     5  Doors
     5  Wall Covering
     5  Paint
     4  Drywall
     1  Stone / Surround
  These categories appear in NEITHER approved guest-room doc, so following Austin's approved precedent puts
  them nowhere. For a common area they are the substance of a finish walk. OPEN for Austin (same as floor 1):
  widen the gate for spaces, or leave them out.

====================================================================================================
wrote platform/data/floor2-staged.json: 4 space doc(s) written, 66 doc(s) carried forward untouched
  3 of 9 spaces built (10 FF&E lines + 3 MEP lines), 6 refused for having no gated line
FLOOR 2 STAGED FILE WRITTEN. This tool never touches Firestore; rollout_floor.mjs --floor=2 --apply is the only path live. Nothing pushed. Nothing deployed.

(node:2530) ExperimentalWarning: SQLite is an experimental feature and might change at any time
(Use `node --trace-warnings ...` to show where the warning was created)
